// Jest Snapshot v1, https://goo.gl/fbAQLP

exports[`components/AddItem should render correctly 1`] = `
<div>
  <h2>
    Add Item
  </h2>
  <Form
    inline={false}
    onSubmit={[Function]}
  >
    <FormGroup>
      <FormLabel
        column={false}
        srOnly={false}
      >
        Item Name
      </FormLabel>
      <FormControl
        name="name"
        onChange={[Function]}
        type="text"
        value=""
      />
    </FormGroup>
    <FormGroup>
      <FormLabel
        column={false}
        srOnly={false}
      >
        Item Price
      </FormLabel>
      <FormControl
        name="price"
        onChange={[Function]}
        type="number"
        value={0}
      />
    </FormGroup>
    <FormGroup>
      <FormLabel
        column={false}
        srOnly={false}
      >
        Item Description
      </FormLabel>
      <FormControl
        name="description"
        onChange={[Function]}
        type="text"
        value=""
      />
    </FormGroup>
    <FormControl
      as="select"
      name="selectedCategory"
      onChange={[Function]}
    >
      <option
        key="1"
        value={1}
      >
        Laptop
      </option>
      <option
        key="2"
        value={2}
      >
        Books
      </option>
      <option
        key="3"
        value={3}
      >
        Speaker
      </option>
      <option
        key="4"
        value={4}
      >
        Vehicle
      </option>
    </FormControl>
    <Button
      active={false}
      disabled={false}
      type="submit"
      variant="primary"
    >
      Submit
    </Button>
  </Form>
</div>
`;
