// Jest Snapshot v1, https://goo.gl/fbAQLP

exports[`components/ItemList should render correctly 1`] = `
<div>
  <Card
    body={false}
  >
    <CardBody>
      <CardTitle>
        Items
      </CardTitle>
    </CardBody>
    <Link
      key="4"
      to="/items/4"
    >
      <Connect(Item)
        id={4}
      />
    </Link>
    <Link
      key="5"
      to="/items/5"
    >
      <Connect(Item)
        id={5}
      />
    </Link>
    <Link
      key="6"
      to="/items/6"
    >
      <Connect(Item)
        id={6}
      />
    </Link>
    <Link
      key="7"
      to="/items/7"
    >
      <Connect(Item)
        id={7}
      />
    </Link>
    <Link
      key="8"
      to="/items/8"
    >
      <Connect(Item)
        id={8}
      />
    </Link>
    <Link
      key="9"
      to="/items/9"
    >
      <Connect(Item)
        id={9}
      />
    </Link>
    <Link
      key="10"
      to="/items/10"
    >
      <Connect(Item)
        id={10}
      />
    </Link>
    <Link
      key="11"
      to="/items/11"
    >
      <Connect(Item)
        id={11}
      />
    </Link>
    <Link
      key="12"
      to="/items/12"
    >
      <Connect(Item)
        id={12}
      />
    </Link>
    <Link
      key="13"
      to="/items/13"
    >
      <Connect(Item)
        id={13}
      />
    </Link>
    <Bootstrap(Pagination)>
      <PageItem
        active={true}
        activeLabel="(current)"
        disabled={false}
        key="1"
      >
        1
      </PageItem>
      <PageItem
        active={false}
        activeLabel="(current)"
        disabled={false}
        key="2"
        name="clickablePage"
        onClick={[Function]}
      >
        2
      </PageItem>
    </Bootstrap(Pagination)>
  </Card>
</div>
`;
