// Jest Snapshot v1, https://goo.gl/fbAQLP

exports[`components/UpdateItem should render correctly 1`] = `
<div>
  <h2>
    Update Item
  </h2>
  <Form
    inline={false}
    onSubmit={[Function]}
  >
    <FormGroup>
      <FormLabel
        column={false}
        srOnly={false}
      >
        Item Name
      </FormLabel>
      <FormControl
        name="name"
        onChange={[Function]}
        type="text"
        value="Item 4"
      />
    </FormGroup>
    <FormGroup>
      <FormLabel
        column={false}
        srOnly={false}
      >
        Item Price
      </FormLabel>
      <FormControl
        name="price"
        onChange={[Function]}
        type="number"
        value={19}
      />
    </FormGroup>
    <FormGroup>
      <FormLabel
        column={false}
        srOnly={false}
      >
        Item Description
      </FormLabel>
      <FormControl
        name="description"
        onChange={[Function]}
        type="text"
        value="Item 4"
      />
    </FormGroup>
    <Button
      active={false}
      disabled={false}
      type="submit"
      variant="primary"
    >
      Submit
    </Button>
  </Form>
</div>
`;
